/* testDerivs.hxx */
/* Produced with Generato */

#ifndef TESTDERIVS_HXX
#define TESTDERIVS_HXX


const auto phi = gf_phi;

const auto dphi1 = calcderivs1_1(phi, p.i, p.j, p.k);
const auto dphi2 = calcderivs1_2(phi, p.i, p.j, p.k);
const auto dphi3 = calcderivs1_3(phi, p.i, p.j, p.k);

const vreal
psi
=
dphi1*dphi1 + dphi2*dphi2 + dphi3*dphi3
;


#endif // #ifndef TESTDERIVS_HXX

/* testDerivs.hxx */
